// Jest Snapshot v1, https://goo.gl/fbAQLP

exports[`Login Failed Action Should match snapshot 1`] = `
Object {
  "payload": Object {
    "error": Object {
      "message": "test error",
    },
  },
  "type": "login:login-failed",
}
`;
